src/components/settings-dialog.tsx(5,20): error TS2307: Cannot find module '@/lib/utils' or its corresponding type declarations.
src/components/settings-dialog.tsx(7,29): error TS2307: Cannot find module '@/lib/settings-context' or its corresponding type declarations.
src/components/settings-dialog.tsx(24,39): error TS2307: Cannot find module '@/lib/i18n-context' or its corresponding type declarations.
src/components/settings-dialog.tsx(25,26): error TS2307: Cannot find module '@/lib/toast-context' or its corresponding type declarations.
src/components/settings-dialog.tsx(81,9): error TS17004: Cannot use JSX unless the '--jsx' flag is provided.
src/components/settings-dialog.tsx(82,13): error TS17004: Cannot use JSX unless the '--jsx' flag is provided.
src/components/settings-dialog.tsx(84,17): error TS17004: Cannot use JSX unless the '--jsx' flag is provided.
src/components/settings-dialog.tsx(85,21): error TS17004: Cannot use JSX unless the '--jsx' flag is provided.
src/components/settings-dialog.tsx(89,25): error TS17004: Cannot use JSX unless the '--jsx' flag is provided.
src/components/settings-dialog.tsx(92,21): error TS17004: Cannot use JSX unless the '--jsx' flag is provided.
src/components/settings-dialog.tsx(93,25): error TS17004: Cannot use JSX unless the '--jsx' flag is provided.
src/components/settings-dialog.tsx(94,35): error TS17004: Cannot use JSX unless the '--jsx' flag is provided.
src/components/settings-dialog.tsx(99,25): error TS17004: Cannot use JSX unless the '--jsx' flag is provided.
src/components/settings-dialog.tsx(100,35): error TS17004: Cannot use JSX unless the '--jsx' flag is provided.
src/components/settings-dialog.tsx(105,25): error TS17004: Cannot use JSX unless the '--jsx' flag is provided.
src/components/settings-dialog.tsx(106,35): error TS17004: Cannot use JSX unless the '--jsx' flag is provided.
src/components/settings-dialog.tsx(111,25): error TS17004: Cannot use JSX unless the '--jsx' flag is provided.
src/components/settings-dialog.tsx(112,35): error TS17004: Cannot use JSX unless the '--jsx' flag is provided.
src/components/settings-dialog.tsx(117,25): error TS17004: Cannot use JSX unless the '--jsx' flag is provided.
src/components/settings-dialog.tsx(118,35): error TS17004: Cannot use JSX unless the '--jsx' flag is provided.
src/components/settings-dialog.tsx(126,17): error TS17004: Cannot use JSX unless the '--jsx' flag is provided.
src/components/settings-dialog.tsx(127,49): error TS17004: Cannot use JSX unless the '--jsx' flag is provided.
src/components/settings-dialog.tsx(129,25): error TS17004: Cannot use JSX unless the '--jsx' flag is provided.
src/components/settings-dialog.tsx(136,50): error TS17004: Cannot use JSX unless the '--jsx' flag is provided.
src/components/settings-dialog.tsx(137,49): error TS17004: Cannot use JSX unless the '--jsx' flag is provided.
src/components/settings-dialog.tsx(140,25): error TS17004: Cannot use JSX unless the '--jsx' flag is provided.
src/components/settings-dialog.tsx(163,9): error TS17004: Cannot use JSX unless the '--jsx' flag is provided.
src/components/settings-dialog.tsx(173,13): error TS17004: Cannot use JSX unless the '--jsx' flag is provided.
src/components/settings-dialog.tsx(232,9): error TS17004: Cannot use JSX unless the '--jsx' flag is provided.
src/components/settings-dialog.tsx(233,13): error TS17004: Cannot use JSX unless the '--jsx' flag is provided.
src/components/settings-dialog.tsx(235,13): error TS17004: Cannot use JSX unless the '--jsx' flag is provided.
src/components/settings-dialog.tsx(236,17): error TS17004: Cannot use JSX unless the '--jsx' flag is provided.
src/components/settings-dialog.tsx(237,21): error TS17004: Cannot use JSX unless the '--jsx' flag is provided.
src/components/settings-dialog.tsx(238,25): error TS17004: Cannot use JSX unless the '--jsx' flag is provided.
src/components/settings-dialog.tsx(239,25): error TS17004: Cannot use JSX unless the '--jsx' flag is provided.
src/components/settings-dialog.tsx(244,29): error TS17004: Cannot use JSX unless the '--jsx' flag is provided.
src/components/settings-dialog.tsx(248,25): error TS17004: Cannot use JSX unless the '--jsx' flag is provided.
src/components/settings-dialog.tsx(250,33): error TS17004: Cannot use JSX unless the '--jsx' flag is provided.
src/components/settings-dialog.tsx(267,17): error TS17004: Cannot use JSX unless the '--jsx' flag is provided.
src/components/settings-dialog.tsx(268,21): error TS17004: Cannot use JSX unless the '--jsx' flag is provided.
src/components/settings-dialog.tsx(269,25): error TS17004: Cannot use JSX unless the '--jsx' flag is provided.
src/components/settings-dialog.tsx(270,25): error TS17004: Cannot use JSX unless the '--jsx' flag is provided.
src/components/settings-dialog.tsx(274,29): error TS17004: Cannot use JSX unless the '--jsx' flag is provided.
src/components/settings-dialog.tsx(276,29): error TS17004: Cannot use JSX unless the '--jsx' flag is provided.
src/components/settings-dialog.tsx(280,25): error TS17004: Cannot use JSX unless the '--jsx' flag is provided.
src/components/settings-dialog.tsx(282,33): error TS17004: Cannot use JSX unless the '--jsx' flag is provided.
src/components/settings-dialog.tsx(296,17): error TS17004: Cannot use JSX unless the '--jsx' flag is provided.
src/components/settings-dialog.tsx(297,21): error TS17004: Cannot use JSX unless the '--jsx' flag is provided.
src/components/settings-dialog.tsx(298,25): error TS17004: Cannot use JSX unless the '--jsx' flag is provided.
src/components/settings-dialog.tsx(299,25): error TS17004: Cannot use JSX unless the '--jsx' flag is provided.
src/components/settings-dialog.tsx(300,29): error TS17004: Cannot use JSX unless the '--jsx' flag is provided.
src/components/settings-dialog.tsx(304,33): error TS17004: Cannot use JSX unless the '--jsx' flag is provided.
src/components/settings-dialog.tsx(306,33): error TS17004: Cannot use JSX unless the '--jsx' flag is provided.
src/components/settings-dialog.tsx(309,33): error TS17004: Cannot use JSX unless the '--jsx' flag is provided.
src/components/settings-dialog.tsx(323,17): error TS17004: Cannot use JSX unless the '--jsx' flag is provided.
src/components/settings-dialog.tsx(324,21): error TS17004: Cannot use JSX unless the '--jsx' flag is provided.
src/components/settings-dialog.tsx(325,25): error TS17004: Cannot use JSX unless the '--jsx' flag is provided.
src/components/settings-dialog.tsx(326,25): error TS17004: Cannot use JSX unless the '--jsx' flag is provided.
src/components/settings-dialog.tsx(327,29): error TS17004: Cannot use JSX unless the '--jsx' flag is provided.
src/components/settings-dialog.tsx(331,33): error TS17004: Cannot use JSX unless the '--jsx' flag is provided.
src/components/settings-dialog.tsx(333,33): error TS17004: Cannot use JSX unless the '--jsx' flag is provided.
src/components/settings-dialog.tsx(336,33): error TS17004: Cannot use JSX unless the '--jsx' flag is provided.
src/components/settings-dialog.tsx(350,17): error TS17004: Cannot use JSX unless the '--jsx' flag is provided.
src/components/settings-dialog.tsx(351,21): error TS17004: Cannot use JSX unless the '--jsx' flag is provided.
src/components/settings-dialog.tsx(352,25): error TS17004: Cannot use JSX unless the '--jsx' flag is provided.
src/components/settings-dialog.tsx(353,25): error TS17004: Cannot use JSX unless the '--jsx' flag is provided.
src/components/settings-dialog.tsx(354,29): error TS17004: Cannot use JSX unless the '--jsx' flag is provided.
src/components/settings-dialog.tsx(358,33): error TS17004: Cannot use JSX unless the '--jsx' flag is provided.
src/components/settings-dialog.tsx(360,33): error TS17004: Cannot use JSX unless the '--jsx' flag is provided.
src/components/settings-dialog.tsx(363,33): error TS17004: Cannot use JSX unless the '--jsx' flag is provided.
src/components/settings-dialog.tsx(381,17): error TS17004: Cannot use JSX unless the '--jsx' flag is provided.
src/components/settings-dialog.tsx(382,21): error TS17004: Cannot use JSX unless the '--jsx' flag is provided.
src/components/settings-dialog.tsx(383,25): error TS17004: Cannot use JSX unless the '--jsx' flag is provided.
src/components/settings-dialog.tsx(384,25): error TS17004: Cannot use JSX unless the '--jsx' flag is provided.
src/components/settings-dialog.tsx(385,29): error TS17004: Cannot use JSX unless the '--jsx' flag is provided.
src/components/settings-dialog.tsx(389,61): error TS17004: Cannot use JSX unless the '--jsx' flag is provided.
src/components/settings-dialog.tsx(390,67): error TS17004: Cannot use JSX unless the '--jsx' flag is provided.
src/components/settings-dialog.tsx(391,64): error TS17004: Cannot use JSX unless the '--jsx' flag is provided.
src/components/settings-dialog.tsx(392,60): error TS17004: Cannot use JSX unless the '--jsx' flag is provided.
src/components/settings-dialog.tsx(393,66): error TS17004: Cannot use JSX unless the '--jsx' flag is provided.
src/components/settings-dialog.tsx(394,68): error TS17004: Cannot use JSX unless the '--jsx' flag is provided.
src/components/settings-dialog.tsx(395,62): error TS17004: Cannot use JSX unless the '--jsx' flag is provided.
src/components/settings-dialog.tsx(396,153): error TS17004: Cannot use JSX unless the '--jsx' flag is provided.
src/components/settings-dialog.tsx(398,33): error TS17004: Cannot use JSX unless the '--jsx' flag is provided.
src/components/settings-dialog.tsx(402,33): error TS17004: Cannot use JSX unless the '--jsx' flag is provided.
src/components/settings-dialog.tsx(403,37): error TS17004: Cannot use JSX unless the '--jsx' flag is provided.
src/components/settings-dialog.tsx(407,37): error TS17004: Cannot use JSX unless the '--jsx' flag is provided.
src/components/settings-dialog.tsx(408,41): error TS17004: Cannot use JSX unless the '--jsx' flag is provided.
src/components/settings-dialog.tsx(417,49): error TS17004: Cannot use JSX unless the '--jsx' flag is provided.
src/components/settings-dialog.tsx(435,53): error TS17004: Cannot use JSX unless the '--jsx' flag is provided.
src/components/settings-dialog.tsx(436,53): error TS17004: Cannot use JSX unless the '--jsx' flag is provided.
src/components/settings-dialog.tsx(447,17): error TS17004: Cannot use JSX unless the '--jsx' flag is provided.
src/components/settings-dialog.tsx(448,21): error TS17004: Cannot use JSX unless the '--jsx' flag is provided.
src/components/settings-dialog.tsx(450,21): error TS17004: Cannot use JSX unless the '--jsx' flag is provided.
src/components/settings-dialog.tsx(451,25): error TS17004: Cannot use JSX unless the '--jsx' flag is provided.
src/components/settings-dialog.tsx(452,29): error TS17004: Cannot use JSX unless the '--jsx' flag is provided.
src/components/settings-dialog.tsx(453,29): error TS17004: Cannot use JSX unless the '--jsx' flag is provided.
src/components/settings-dialog.tsx(455,37): error TS17004: Cannot use JSX unless the '--jsx' flag is provided.
src/components/settings-dialog.tsx(471,25): error TS17004: Cannot use JSX unless the '--jsx' flag is provided.
src/components/settings-dialog.tsx(472,29): error TS17004: Cannot use JSX unless the '--jsx' flag is provided.
src/components/settings-dialog.tsx(473,29): error TS17004: Cannot use JSX unless the '--jsx' flag is provided.
src/components/settings-dialog.tsx(475,37): error TS17004: Cannot use JSX unless the '--jsx' flag is provided.
src/components/settings-dialog.tsx(495,17): error TS17004: Cannot use JSX unless the '--jsx' flag is provided.
src/components/settings-dialog.tsx(496,21): error TS17004: Cannot use JSX unless the '--jsx' flag is provided.
src/components/settings-dialog.tsx(497,25): error TS17004: Cannot use JSX unless the '--jsx' flag is provided.
src/components/settings-dialog.tsx(498,29): error TS17004: Cannot use JSX unless the '--jsx' flag is provided.
src/components/settings-dialog.tsx(499,33): error TS17004: Cannot use JSX unless the '--jsx' flag is provided.
src/components/settings-dialog.tsx(501,29): error TS17004: Cannot use JSX unless the '--jsx' flag is provided.
src/components/settings-dialog.tsx(502,29): error TS17004: Cannot use JSX unless the '--jsx' flag is provided.
src/components/settings-dialog.tsx(506,25): error TS17004: Cannot use JSX unless the '--jsx' flag is provided.
src/components/settings-dialog.tsx(507,29): error TS17004: Cannot use JSX unless the '--jsx' flag is provided.
src/components/settings-dialog.tsx(516,29): error TS17004: Cannot use JSX unless the '--jsx' flag is provided.
src/components/settings-dialog.tsx(549,9): error TS17004: Cannot use JSX unless the '--jsx' flag is provided.
src/components/settings-dialog.tsx(550,13): error TS17004: Cannot use JSX unless the '--jsx' flag is provided.
src/components/settings-dialog.tsx(552,13): error TS17004: Cannot use JSX unless the '--jsx' flag is provided.
src/components/settings-dialog.tsx(553,17): error TS17004: Cannot use JSX unless the '--jsx' flag is provided.
src/components/settings-dialog.tsx(554,21): error TS17004: Cannot use JSX unless the '--jsx' flag is provided.
src/components/settings-dialog.tsx(555,21): error TS17004: Cannot use JSX unless the '--jsx' flag is provided.
src/components/settings-dialog.tsx(556,21): error TS17004: Cannot use JSX unless the '--jsx' flag is provided.
src/components/settings-dialog.tsx(559,17): error TS17004: Cannot use JSX unless the '--jsx' flag is provided.
src/components/settings-dialog.tsx(560,21): error TS17004: Cannot use JSX unless the '--jsx' flag is provided.
src/components/settings-dialog.tsx(561,21): error TS17004: Cannot use JSX unless the '--jsx' flag is provided.
src/components/settings-dialog.tsx(562,21): error TS17004: Cannot use JSX unless the '--jsx' flag is provided.
src/components/settings-dialog.tsx(565,17): error TS17004: Cannot use JSX unless the '--jsx' flag is provided.
src/components/settings-dialog.tsx(566,21): error TS17004: Cannot use JSX unless the '--jsx' flag is provided.
src/components/settings-dialog.tsx(567,21): error TS17004: Cannot use JSX unless the '--jsx' flag is provided.
src/components/settings-dialog.tsx(568,21): error TS17004: Cannot use JSX unless the '--jsx' flag is provided.
src/components/settings-dialog.tsx(577,9): error TS17004: Cannot use JSX unless the '--jsx' flag is provided.
src/components/settings-dialog.tsx(578,13): error TS17004: Cannot use JSX unless the '--jsx' flag is provided.
src/components/settings-dialog.tsx(580,13): error TS17004: Cannot use JSX unless the '--jsx' flag is provided.
src/components/settings-dialog.tsx(581,17): error TS17004: Cannot use JSX unless the '--jsx' flag is provided.
src/components/settings-dialog.tsx(582,21): error TS17004: Cannot use JSX unless the '--jsx' flag is provided.
src/components/settings-dialog.tsx(583,21): error TS17004: Cannot use JSX unless the '--jsx' flag is provided.
src/components/settings-dialog.tsx(584,21): error TS17004: Cannot use JSX unless the '--jsx' flag is provided.
src/components/settings-dialog.tsx(611,9): error TS17004: Cannot use JSX unless the '--jsx' flag is provided.
src/components/settings-dialog.tsx(612,13): error TS17004: Cannot use JSX unless the '--jsx' flag is provided.
src/components/settings-dialog.tsx(614,13): error TS17004: Cannot use JSX unless the '--jsx' flag is provided.
src/components/settings-dialog.tsx(615,17): error TS17004: Cannot use JSX unless the '--jsx' flag is provided.
src/components/settings-dialog.tsx(616,21): error TS17004: Cannot use JSX unless the '--jsx' flag is provided.
src/components/settings-dialog.tsx(618,21): error TS17004: Cannot use JSX unless the '--jsx' flag is provided.
src/components/settings-dialog.tsx(619,25): error TS17004: Cannot use JSX unless the '--jsx' flag is provided.
src/components/settings-dialog.tsx(620,29): error TS17004: Cannot use JSX unless the '--jsx' flag is provided.
src/components/settings-dialog.tsx(622,33): error TS17004: Cannot use JSX unless the '--jsx' flag is provided.
src/components/settings-dialog.tsx(623,37): error TS17004: Cannot use JSX unless the '--jsx' flag is provided.
src/components/settings-dialog.tsx(630,37): error TS17004: Cannot use JSX unless the '--jsx' flag is provided.
src/components/settings-dialog.tsx(635,41): error TS17004: Cannot use JSX unless the '--jsx' flag is provided.
src/components/settings-dialog.tsx(637,37): error TS17004: Cannot use JSX unless the '--jsx' flag is provided.
src/components/settings-dialog.tsx(644,41): error TS17004: Cannot use JSX unless the '--jsx' flag is provided.
src/components/settings-dialog.tsx(648,33): error TS17004: Cannot use JSX unless the '--jsx' flag is provided.
src/components/settings-dialog.tsx(656,37): error TS17004: Cannot use JSX unless the '--jsx' flag is provided.
src/components/settings-dialog.tsx(662,21): error TS17004: Cannot use JSX unless the '--jsx' flag is provided.
src/components/settings-dialog.tsx(663,21): error TS17004: Cannot use JSX unless the '--jsx' flag is provided.
src/components/settings-dialog.tsx(664,25): error TS17004: Cannot use JSX unless the '--jsx' flag is provided.
src/components/settings-dialog.tsx(665,29): error TS17004: Cannot use JSX unless the '--jsx' flag is provided.
src/components/settings-dialog.tsx(666,29): error TS17004: Cannot use JSX unless the '--jsx' flag is provided.
src/components/settings-dialog.tsx(667,33): error TS17004: Cannot use JSX unless the '--jsx' flag is provided.
src/components/settings-dialog.tsx(676,33): error TS17004: Cannot use JSX unless the '--jsx' flag is provided.
src/components/settings-dialog.tsx(704,9): error TS17004: Cannot use JSX unless the '--jsx' flag is provided.
src/components/settings-dialog.tsx(705,13): error TS17004: Cannot use JSX unless the '--jsx' flag is provided.
src/components/settings-dialog.tsx(706,17): error TS17004: Cannot use JSX unless the '--jsx' flag is provided.
src/components/settings-dialog.tsx(709,17): error TS17004: Cannot use JSX unless the '--jsx' flag is provided.
src/components/settings-dialog.tsx(722,33): error TS17004: Cannot use JSX unless the '--jsx' flag is provided.
src/components/settings-dialog.tsx(726,17): error TS17004: Cannot use JSX unless the '--jsx' flag is provided.
src/components/settings-dialog.tsx(741,9): error TS17004: Cannot use JSX unless the '--jsx' flag is provided.
src/components/settings-dialog.tsx(742,13): error TS17004: Cannot use JSX unless the '--jsx' flag is provided.
src/components/settings-dialog.tsx(743,13): error TS17004: Cannot use JSX unless the '--jsx' flag is provided.
src/components/settings-dialog.tsx(744,17): error TS17004: Cannot use JSX unless the '--jsx' flag is provided.
src/components/settings-dialog.tsx(749,29): error TS17004: Cannot use JSX unless the '--jsx' flag is provided.
src/components/settings-dialog.tsx(759,33): error TS17004: Cannot use JSX unless the '--jsx' flag is provided.
src/components/settings-dialog.tsx(760,33): error TS17004: Cannot use JSX unless the '--jsx' flag is provided.
src/components/settings-dialog.tsx(761,51): error TS17004: Cannot use JSX unless the '--jsx' flag is provided.
src/components/settings-dialog.tsx(762,59): error TS17004: Cannot use JSX unless the '--jsx' flag is provided.
